PASS the sketched lesson opens
PASS opening it starts loading Python
PASS Python + matplotlib loaded - navigation -> Python, its packages and the kernel ready: 31.3 s
PASS plt.show() puts an SVG under the cell - 8974 ms (first import), [{"svg":true,"bytes":11951,"w":522,"h":416,"shown":533.234375}]
PASS no "=> nil" and no error - ""
PASS a second run draws again, once - 442 ms warm
PASS bar chart - 346 ms, 11732 bytes as data URL
PASS numpy curves + legend - 463 ms
PASS subplots side by side - [{"svg":true,"bytes":20114,"w":715,"h":283,"shown":673.1875}]
PASS plt.savefig("wetter.png") is offered as a download - ["⬇ wetter.png 23.9 KB"]
PASS no warnings in the cell (PNG through Agg) - "⬇ wetter.png 23.9 KB"
PASS ... and the file is a PNG - {"size":24515,"magic":"PNG"}
PASS starter fails
PASS solution passes
PASS a Japanese title (text stays text in the SVG, the browser's fonts draw it) - ""
PASS show_plot(fig) shows one figure and closes it - => []
PASS two open figures: plt.show() draws both
PASS savefig without an extension: .png, and Ruby can read the file - => "PNG"⬇ ohne_endung.png 16.3 KB
PASS savefig as SVG - => true⬇ kurve.svg 11.7 KB
PASS a matplotlib error is a PyCall::PyError - PyCall::PyError: ValueError: x, y, and format string must not be None
PASS a histogram of 10 000 values - 1028 ms, 20171 bytes
PASS a scatter of 2000 points (SVG grows with the marks) - 797 ms, 225221 bytes
PASS en: the first cell draws - 8989 ms
PASS ja: the first cell draws - 6114 ms
pyodide transfer (first visit):
  pyodide.mjs                                                                  7 KB
  pyodide-lock.json                                                            2 KB
  python_stdlib.zip                                                         2486 KB
  pyodide.asm.wasm                                                          3446 KB
  pyodide.asm.mjs                                                            254 KB
  contourpy-1.3.3-cp314-cp314-pyemscripten_2026_0_wasm32.whl                 116 KB
  cycler-0.12.1-py3-none-any.whl                                               8 KB
  matplotlib-3.10.8-cp314-cp314-pyemscripten_2026_0_wasm32.whl              6818 KB
  six-1.17.0-py2.py3-none-any.whl                                             11 KB
  numpy-2.4.6-cp314-cp314-pyemscripten_2026_0_wasm32.whl                    2891 KB
  fonttools-4.62.1-py3-none-any.whl                                         1126 KB
  kiwisolver-1.5.0-cp314-cp314-pyemscripten_2026_0_wasm32.whl                 36 KB
  packaging-26.1-py3-none-any.whl                                             94 KB
  pillow-12.2.0-cp314-cp314-pyemscripten_2026_0_wasm32.whl                  1013 KB
  pyparsing-3.3.2-py3-none-any.whl                                           120 KB
  python_dateutil-2.9.0.post0-py2.py3-none-any.whl                           225 KB
  pytz-2026.1.post1-py2.py3-none-any.whl                                     499 KB
  total 18.70 MB, of which the matplotlib wheels 9.11 MB
whole probe 84.9 s; 0 failure(s)
